2026-06-16 13:48:41.466 [background-preinit] INFO  o.h.validator.internal.util.Version - HV000001: Hibernate Validator 8.0.1.Final
2026-06-16 13:48:41.544 [main] INFO  com.scms.ScmsApplication - Starting ScmsApplication v1.0.0 using Java 21.0.9 with PID 2848 (F:\xm\SGADQRS\backend\target\scms-backend-1.0.0.jar started by jiuxi in F:\xm\SGADQRS\backend)
2026-06-16 13:48:41.546 [main] INFO  com.scms.ScmsApplication - No active profile set, falling back to 1 default profile: "default"
2026-06-16 13:48:43.903 [main] INFO  o.s.b.w.e.tomcat.TomcatWebServer - Tomcat initialized with port 8080 (http)
2026-06-16 13:48:43.935 [main] INFO  o.a.coyote.http11.Http11NioProtocol - Initializing ProtocolHandler ["http-nio-8080"]
2026-06-16 13:48:43.940 [main] INFO  o.a.catalina.core.StandardService - Starting service [Tomcat]
2026-06-16 13:48:43.941 [main] INFO  o.a.catalina.core.StandardEngine - Starting Servlet engine: [Apache Tomcat/10.1.20]
2026-06-16 13:48:44.080 [main] INFO  o.a.c.c.C.[.[localhost].[/api] - Initializing Spring embedded WebApplicationContext
2026-06-16 13:48:44.083 [main] INFO  o.s.b.w.s.c.ServletWebServerApplicationContext - Root WebApplicationContext: initialization completed in 2431 ms
2026-06-16 13:48:46.526 [main] INFO  o.s.s.web.DefaultSecurityFilterChain - Will secure any request with [org.springframework.security.web.session.DisableEncodeUrlFilter@58182b96, org.springframework.security.web.context.request.async.WebAsyncManagerIntegrationFilter@37d6dddc, org.springframework.security.web.context.SecurityContextHolderFilter@7848321e, org.springframework.security.web.header.HeaderWriterFilter@30798137, org.springframework.web.filter.CorsFilter@8f6b4ab, org.springframework.security.web.authentication.logout.LogoutFilter@7dd3981e, com.scms.security.JwtAuthenticationFilter@3079c26a, org.springframework.security.web.savedrequest.RequestCacheAwareFilter@7b5833ee, org.springframework.security.web.servletapi.SecurityContextHolderAwareRequestFilter@1e471884, org.springframework.security.web.authentication.AnonymousAuthenticationFilter@6e517c9e, org.springframework.security.web.session.SessionManagementFilter@297bd171, org.springframework.security.web.access.ExceptionTranslationFilter@4afdfc0f, org.springframework.security.web.access.intercept.AuthorizationFilter@4005e485]
2026-06-16 13:48:47.027 [main] INFO  o.a.coyote.http11.Http11NioProtocol - Starting ProtocolHandler ["http-nio-8080"]
2026-06-16 13:48:47.070 [main] INFO  o.s.b.w.e.tomcat.TomcatWebServer - Tomcat started on port 8080 (http) with context path '/api'
2026-06-16 13:48:47.082 [main] INFO  com.scms.ScmsApplication - Started ScmsApplication in 6.069 seconds (process running for 7.055)
2026-06-16 13:50:48.902 [background-preinit] INFO  o.h.validator.internal.util.Version - HV000001: Hibernate Validator 8.0.1.Final
2026-06-16 13:50:48.975 [main] INFO  com.scms.ScmsApplication - Starting ScmsApplication v1.0.0 using Java 21.0.9 with PID 14560 (F:\xm\SGADQRS\backend\target\scms-backend-1.0.0.jar started by jiuxi in F:\xm\SGADQRS\backend)
2026-06-16 13:50:48.976 [main] INFO  com.scms.ScmsApplication - No active profile set, falling back to 1 default profile: "default"
2026-06-16 13:50:51.204 [main] INFO  o.s.b.w.e.tomcat.TomcatWebServer - Tomcat initialized with port 8080 (http)
2026-06-16 13:50:51.237 [main] INFO  o.a.coyote.http11.Http11NioProtocol - Initializing ProtocolHandler ["http-nio-8080"]
2026-06-16 13:50:51.243 [main] INFO  o.a.catalina.core.StandardService - Starting service [Tomcat]
2026-06-16 13:50:51.243 [main] INFO  o.a.catalina.core.StandardEngine - Starting Servlet engine: [Apache Tomcat/10.1.20]
2026-06-16 13:50:51.385 [main] INFO  o.a.c.c.C.[.[localhost].[/api] - Initializing Spring embedded WebApplicationContext
2026-06-16 13:50:51.388 [main] INFO  o.s.b.w.s.c.ServletWebServerApplicationContext - Root WebApplicationContext: initialization completed in 2308 ms
2026-06-16 13:50:53.828 [main] INFO  o.s.s.web.DefaultSecurityFilterChain - Will secure any request with [org.springframework.security.web.session.DisableEncodeUrlFilter@148ab138, org.springframework.security.web.context.request.async.WebAsyncManagerIntegrationFilter@6f106af8, org.springframework.security.web.context.SecurityContextHolderFilter@4a04ca74, org.springframework.security.web.header.HeaderWriterFilter@6451a288, org.springframework.web.filter.CorsFilter@1edf71d9, org.springframework.security.web.authentication.logout.LogoutFilter@1f71e024, com.scms.security.JwtAuthenticationFilter@27e199ce, org.springframework.security.web.savedrequest.RequestCacheAwareFilter@24aedcc5, org.springframework.security.web.servletapi.SecurityContextHolderAwareRequestFilter@74ebd159, org.springframework.security.web.authentication.AnonymousAuthenticationFilter@52d9d817, org.springframework.security.web.session.SessionManagementFilter@734f8317, org.springframework.security.web.access.ExceptionTranslationFilter@1d7c9811, org.springframework.security.web.access.intercept.AuthorizationFilter@6ce2e079]
2026-06-16 13:50:54.393 [main] INFO  o.a.coyote.http11.Http11NioProtocol - Starting ProtocolHandler ["http-nio-8080"]
2026-06-16 13:50:54.404 [main] WARN  o.s.b.w.s.c.AnnotationConfigServletWebServerApplicationContext - Exception encountered during context initialization - cancelling refresh attempt: org.springframework.context.ApplicationContextException: Failed to start bean 'webServerStartStop'
2026-06-16 13:50:54.435 [main] INFO  o.s.b.a.l.ConditionEvaluationReportLogger - 

Error starting ApplicationContext. To display the condition evaluation report re-run your application with 'debug' enabled.
2026-06-16 13:50:54.485 [main] ERROR o.s.b.d.LoggingFailureAnalysisReporter - 

***************************
APPLICATION FAILED TO START
***************************

Description:

Web server failed to start. Port 8080 was already in use.

Action:

Identify and stop the process that's listening on port 8080 or configure this application to listen on another port.

2026-06-16 13:51:05.618 [http-nio-8080-exec-1] INFO  o.a.c.c.C.[.[localhost].[/api] - Initializing Spring DispatcherServlet 'dispatcherServlet'
2026-06-16 13:51:05.628 [http-nio-8080-exec-1] INFO  o.s.web.servlet.DispatcherServlet - Initializing Servlet 'dispatcherServlet'
2026-06-16 13:51:05.629 [http-nio-8080-exec-1] INFO  o.s.web.servlet.DispatcherServlet - Completed initialization in 1 ms
2026-06-16 13:51:05.948 [http-nio-8080-exec-1] INFO  com.zaxxer.hikari.HikariDataSource - HikariPool-1 - Starting...
2026-06-16 13:51:06.160 [http-nio-8080-exec-1] INFO  com.zaxxer.hikari.pool.HikariPool - HikariPool-1 - Added connection com.mysql.cj.jdbc.ConnectionImpl@7bf618a
2026-06-16 13:51:06.165 [http-nio-8080-exec-1] INFO  com.zaxxer.hikari.HikariDataSource - HikariPool-1 - Start completed.
