[INFO] Scanning for projects...
[INFO] 
[INFO] -----------------------< com.scms:scms-backend >------------------------
[INFO] Building SCMS Backend 1.0.0
[INFO]   from pom.xml
[INFO] --------------------------------[ jar ]---------------------------------
[INFO] 
[INFO] --- clean:3.3.2:clean (default-clean) @ scms-backend ---
[INFO] Deleting f:\xm\SGADQRS\backend\target
[INFO] 
[INFO] --- resources:3.3.1:resources (default-resources) @ scms-backend ---
[INFO] Copying 1 resource from src\main\resources to target\classes
[INFO] Copying 0 resource from src\main\resources to target\classes
[INFO] 
[INFO] --- compiler:3.11.0:compile (default-compile) @ scms-backend ---
[INFO] Changes detected - recompiling the module! :source
[INFO] Compiling 78 source files with javac [debug release 17] to target\classes
[INFO] -------------------------------------------------------------
[ERROR] COMPILATION ERROR : 
[INFO] -------------------------------------------------------------
[ERROR] /f:/xm/SGADQRS/backend/src/main/java/com/scms/service/CompetitionService.java:[199,68] 不兼容的类型: java.lang.Long无法转换为int
[INFO] 1 error
[INFO] -------------------------------------------------------------
[INFO] ------------------------------------------------------------------------
[INFO] BUILD FAILURE
[INFO] ------------------------------------------------------------------------
[INFO] Total time:  5.901 s
[INFO] Finished at: 2026-06-12T17:13:55+08:00
[INFO] ------------------------------------------------------------------------
[ERROR] Failed to execute goal org.apache.maven.plugins:maven-compiler-plugin:3.11.0:compile (default-compile) on project scms-backend: Compilation failure
[ERROR] /f:/xm/SGADQRS/backend/src/main/java/com/scms/service/CompetitionService.java:[199,68] 不兼容的类型: java.lang.Long无法转换为int
[ERROR] 
[ERROR] -> [Help 1]
[ERROR] 
[ERROR] To see the full stack trace of the errors, re-run Maven with the -e switch.
[ERROR] Re-run Maven using the -X switch to enable full debug logging.
[ERROR] 
[ERROR] For more information about the errors and possible solutions, please read the following articles:
[ERROR] [Help 1] http://cwiki.apache.org/confluence/display/MAVEN/MojoFailureException
