
  .   ____          _            __ _ _
 /\\ / ___'_ __ _ _(_)_ __  __ _ \ \ \ \
( ( )\___ | '_ | '_| | '_ \/ _` | \ \ \ \
 \\/  ___)| |_)| | | | | || (_| |  ) ) ) )
  '  |____| .__|_| |_|_| |_\__, | / / / /
 =========|_|==============|___/=/_/_/_/
 :: Spring Boot ::                (v3.2.5)

2026-06-19T19:22:53.708+08:00  INFO 34920 --- [           main] com.scms.ScmsApplication                 : Starting ScmsApplication v1.0.0 using Java 21.0.9 with PID 34920 (F:\xm\SGADQRS\backend\target\scms-backend-1.0.0.jar started by jiuxi in C:\Users\jiuxi)
2026-06-19T19:22:53.710+08:00  INFO 34920 --- [           main] com.scms.ScmsApplication                 : No active profile set, falling back to 1 default profile: "default"
2026-06-19T19:22:56.071+08:00  INFO 34920 --- [           main] o.s.b.w.embedded.tomcat.TomcatWebServer  : Tomcat initialized with port 8080 (http)
2026-06-19T19:22:56.093+08:00  INFO 34920 --- [           main] o.apache.catalina.core.StandardService   : Starting service [Tomcat]
2026-06-19T19:22:56.094+08:00  INFO 34920 --- [           main] o.apache.catalina.core.StandardEngine    : Starting Servlet engine: [Apache Tomcat/10.1.20]
2026-06-19T19:22:56.209+08:00  INFO 34920 --- [           main] o.a.c.c.C.[Tomcat].[localhost].[/api]    : Initializing Spring embedded WebApplicationContext
2026-06-19T19:22:56.210+08:00  INFO 34920 --- [           main] w.s.c.ServletWebServerApplicationContext : Root WebApplicationContext: initialization completed in 2381 ms
Logging initialized using 'class org.apache.ibatis.logging.stdout.StdOutImpl' adapter.
Use localhost address 
Get JIUXI/192.168.124.4 network interface 
Get network interface info: name:wireless_32768 (Intel(R) Wi-Fi 6E AX210 160MHz)
Initialization Sequence datacenterId:27 workerId:17
 _ _   |_  _ _|_. ___ _ |    _ 
| | |\/|_)(_| | |_\  |_)||_|_\ 
     /               |         
                        3.5.6 
2026-06-19T19:22:58.581+08:00  INFO 34920 --- [           main] o.s.s.web.DefaultSecurityFilterChain     : Will secure any request with [org.springframework.security.web.session.DisableEncodeUrlFilter@4ced17f3, org.springframework.security.web.context.request.async.WebAsyncManagerIntegrationFilter@734a149a, org.springframework.security.web.context.SecurityContextHolderFilter@12f9f896, org.springframework.security.web.header.HeaderWriterFilter@7f8c48f3, org.springframework.web.filter.CorsFilter@6ce9771c, org.springframework.security.web.authentication.logout.LogoutFilter@27d73d22, com.scms.security.JwtAuthenticationFilter@7ec08115, org.springframework.security.web.savedrequest.RequestCacheAwareFilter@505f45cc, org.springframework.security.web.servletapi.SecurityContextHolderAwareRequestFilter@994544, org.springframework.security.web.authentication.AnonymousAuthenticationFilter@4a9b92c6, org.springframework.security.web.session.SessionManagementFilter@2af9a5ef, org.springframework.security.web.access.ExceptionTranslationFilter@d28c214, org.springframework.security.web.access.intercept.AuthorizationFilter@628ba266]
2026-06-19T19:22:59.145+08:00  INFO 34920 --- [           main] o.s.b.w.embedded.tomcat.TomcatWebServer  : Tomcat started on port 8080 (http) with context path '/api'
2026-06-19T19:22:59.166+08:00  INFO 34920 --- [           main] com.scms.ScmsApplication                 : Started ScmsApplication in 6.145 seconds (process running for 6.927)
2026-06-19T19:23:02.348+08:00  INFO 34920 --- [nio-8080-exec-1] o.a.c.c.C.[Tomcat].[localhost].[/api]    : Initializing Spring DispatcherServlet 'dispatcherServlet'
2026-06-19T19:23:02.358+08:00  INFO 34920 --- [nio-8080-exec-1] o.s.web.servlet.DispatcherServlet        : Initializing Servlet 'dispatcherServlet'
2026-06-19T19:23:02.360+08:00  INFO 34920 --- [nio-8080-exec-1] o.s.web.servlet.DispatcherServlet        : Completed initialization in 1 ms
